{"level":"error","message":"ValidationError: Api validation failed: name: API name is required, baseUrl: Base URL is required","stack":"ValidationError: Api validation failed: name: API name is required, baseUrl: Base URL is required\n    at Document.invalidate (C:\\Users\\niraj\\Downloads\\meterflow_v2\\meterflow\\backend\\node_modules\\mongoose\\lib\\document.js:3381:32)\n    at C:\\Users\\niraj\\Downloads\\meterflow_v2\\meterflow\\backend\\node_modules\\mongoose\\lib\\document.js:3142:17\n    at C:\\Users\\niraj\\Downloads\\meterflow_v2\\meterflow\\backend\\node_modules\\mongoose\\lib\\schemaType.js:1443:9\n    at process.processTicksAndRejections (node:internal/process/task_queues:85:11)","timestamp":"2026-04-26 14:13:23"}
{"level":"error","message":"ValidationError: Api validation failed: baseUrl: Base URL is required","stack":"ValidationError: Api validation failed: baseUrl: Base URL is required\n    at Document.invalidate (C:\\Users\\niraj\\Downloads\\meterflow_v2\\meterflow\\backend\\node_modules\\mongoose\\lib\\document.js:3381:32)\n    at C:\\Users\\niraj\\Downloads\\meterflow_v2\\meterflow\\backend\\node_modules\\mongoose\\lib\\document.js:3142:17\n    at C:\\Users\\niraj\\Downloads\\meterflow_v2\\meterflow\\backend\\node_modules\\mongoose\\lib\\schemaType.js:1443:9\n    at process.processTicksAndRejections (node:internal/process/task_queues:85:11)","timestamp":"2026-04-26 14:13:41"}
{"level":"error","message":"Reconnect failed: Could not connect to any servers in your MongoDB Atlas cluster. One common reason is that you're trying to access the database from an IP that isn't whitelisted. Make sure your current IP address is on your Atlas cluster's IP whitelist: https://www.mongodb.com/docs/atlas/security-whitelist/","timestamp":"2026-04-30 18:51:08"}
{"level":"error","message":"MongoDB error: getaddrinfo ENOTFOUND ac-qbo4bjh-shard-00-00.aghd6va.mongodb.net","timestamp":"2026-04-30 18:51:08"}
{"level":"error","message":"Reconnect failed: Could not connect to any servers in your MongoDB Atlas cluster. One common reason is that you're trying to access the database from an IP that isn't whitelisted. Make sure your current IP address is on your Atlas cluster's IP whitelist: https://www.mongodb.com/docs/atlas/security-whitelist/","timestamp":"2026-04-30 18:51:43"}
{"level":"error","message":"MongoDB error: Server selection timed out after 30000 ms","timestamp":"2026-04-30 18:51:43"}
{"level":"error","message":"Reconnect failed: getaddrinfo ENOTFOUND ac-qbo4bjh-shard-00-02.aghd6va.mongodb.net","timestamp":"2026-04-30 18:52:35"}
{"level":"error","message":"MongoDB error: getaddrinfo ENOTFOUND ac-qbo4bjh-shard-00-02.aghd6va.mongodb.net","timestamp":"2026-04-30 18:52:35"}
{"level":"error","message":"Reconnect failed: Could not connect to any servers in your MongoDB Atlas cluster. One common reason is that you're trying to access the database from an IP that isn't whitelisted. Make sure your current IP address is on your Atlas cluster's IP whitelist: https://www.mongodb.com/docs/atlas/security-whitelist/","timestamp":"2026-04-30 18:53:10"}
{"level":"error","message":"MongoDB error: getaddrinfo ENOTFOUND ac-qbo4bjh-shard-00-00.aghd6va.mongodb.net","timestamp":"2026-04-30 18:53:10"}
{"level":"error","message":"Reconnect failed: Could not connect to any servers in your MongoDB Atlas cluster. One common reason is that you're trying to access the database from an IP that isn't whitelisted. Make sure your current IP address is on your Atlas cluster's IP whitelist: https://www.mongodb.com/docs/atlas/security-whitelist/","timestamp":"2026-04-30 18:53:45"}
{"level":"error","message":"MongoDB error: getaddrinfo ENOTFOUND ac-qbo4bjh-shard-00-00.aghd6va.mongodb.net","timestamp":"2026-04-30 18:53:45"}
{"level":"error","message":"Reconnect failed: Could not connect to any servers in your MongoDB Atlas cluster. One common reason is that you're trying to access the database from an IP that isn't whitelisted. Make sure your current IP address is on your Atlas cluster's IP whitelist: https://www.mongodb.com/docs/atlas/security-whitelist/","timestamp":"2026-04-30 18:54:20"}
{"level":"error","message":"MongoDB error: getaddrinfo ENOTFOUND ac-qbo4bjh-shard-00-00.aghd6va.mongodb.net","timestamp":"2026-04-30 18:54:20"}
{"level":"error","message":"Reconnect failed: Could not connect to any servers in your MongoDB Atlas cluster. One common reason is that you're trying to access the database from an IP that isn't whitelisted. Make sure your current IP address is on your Atlas cluster's IP whitelist: https://www.mongodb.com/docs/atlas/security-whitelist/","timestamp":"2026-04-30 18:54:55"}
{"level":"error","message":"MongoDB error: getaddrinfo ENOTFOUND ac-qbo4bjh-shard-00-02.aghd6va.mongodb.net","timestamp":"2026-04-30 18:54:55"}
{"level":"error","message":"Reconnect failed: getaddrinfo ENOTFOUND ac-qbo4bjh-shard-00-02.aghd6va.mongodb.net","timestamp":"2026-04-30 18:55:30"}
{"level":"error","message":"MongoDB error: getaddrinfo ENOTFOUND ac-qbo4bjh-shard-00-02.aghd6va.mongodb.net","timestamp":"2026-04-30 18:55:30"}
{"level":"error","message":"Reconnect failed: Socket 'secureConnect' timed out after 58793ms (connectTimeoutMS: 30000)","timestamp":"2026-04-30 18:57:04"}
{"level":"error","message":"MongoDB error: Socket 'secureConnect' timed out after 58793ms (connectTimeoutMS: 30000)","timestamp":"2026-04-30 18:57:04"}
{"level":"error","message":"Reconnect failed: Could not connect to any servers in your MongoDB Atlas cluster. One common reason is that you're trying to access the database from an IP that isn't whitelisted. Make sure your current IP address is on your Atlas cluster's IP whitelist: https://www.mongodb.com/docs/atlas/security-whitelist/","timestamp":"2026-04-30 18:57:39"}
{"level":"error","message":"MongoDB error: getaddrinfo ENOTFOUND ac-qbo4bjh-shard-00-00.aghd6va.mongodb.net","timestamp":"2026-04-30 18:57:39"}
{"level":"error","message":"Reconnect failed: Server selection timed out after 30000 ms","timestamp":"2026-04-30 18:58:14"}
{"level":"error","message":"MongoDB error: Server selection timed out after 30000 ms","timestamp":"2026-04-30 18:58:14"}
